≡ƒÜÇ Testing User Profile & Stats...
Γ£à Logged in

--- Creating Receipt ---
Γ£à Receipt created: 02439e44-8a80-4e03-892a-f47087e21538
Γ£à Item assigned to self
Γ£à Payment recorded

--- Checking Full Profile ---
User: Stats User
Stats: { totalSpent: 69, totalPaid: 50, balance: 19 }
Γ£à Stats (Total) are CORRECT

--- Checking Filtered Profile (2026-1) ---
Filtered Stats: { totalSpent: 69, totalPaid: 50, balance: 19 }
Γ£à Monthly Filter is working

--- Checking Filtered Profile (Wrong Month: 2025-01) ---
Empty Stats: { totalSpent: 0, totalPaid: 0, balance: 0 }
Γ£à Date filtering returns 0 for no data months
